********  (C) Copyright Rosetta Commons Member Institutions.  ***************
* Use of Rosetta for commercial purposes may require purchase of a license. *
********  See LICENSE.md or email license@uw.edu for more details. **********
core.init: (0) Checking for fconfig files in pwd and ./rosetta/flags 
core.init: (0) Rosetta version: rosetta.source.release-408 r408 2025.37+release.df75a9c df75a9c48e763e52a7aa3f5dfba077f4da88dbf5 https://www.rosettacommons.org 2025-09-09T20:16:19.418486
core.init: (0) Rosetta extras: [mpi]
core.init: (0) command: /tigress/MOLBIO/local/src/rosetta.source.release-408/main/source/bin/InterfaceAnalyzer -l /scratch/gpfs/KAIYIJIANG/zijie/work/immune-design/tetramer_gate/reference_metrics/1R51/rosetta/interface_analyzer/interface_dimers.list -interface A_B -compute_packstat true -compute_interface_sc true -pack_input false -pack_separated false -out:file:score_only /scratch/gpfs/KAIYIJIANG/zijie/work/immune-design/tetramer_gate/reference_metrics/1R51/rosetta/interface_analyzer/interface_analyzer.sc -jd2:no_output true -constant_seed -jran 1729 -ignore_unrecognized_res true -overwrite
basic.random.init_random_generator: (0) Constant seed mode, seed=1729 seed_offset=0 real_seed=1729
basic.random.init_random_generator: (0) RandomGenerator:init: Normal mode, seed=1729 RG_type=mt19937
core.init: (0) Resolved executable path: /projects/MOLBIO/local/src/rosetta.source.release-408/main/source/build/src/release/linux/5.14/64/x86/gcc/14/mpi/InterfaceAnalyzer.mpi.linuxgccrelease
core.init: (0) Looking for database based on location of executable: /projects/MOLBIO/local/src/rosetta.source.release-408/main/database/
protocols.jd2.PDBJobInputter: (0) Instantiate PDBJobInputter
protocols.jd2.PDBJobInputter: (0) PDBJobInputter::fill_jobs
protocols.jd2.PDBJobInputter: (0) pushed /scratch/gpfs/KAIYIJIANG/zijie/work/immune-design/tetramer_gate/reference_metrics/1R51/rosetta/interface_analyzer/dimers/ifc_000000.pdb nstruct index 1
protocols.jd2.PDBJobInputter: (0) pushed /scratch/gpfs/KAIYIJIANG/zijie/work/immune-design/tetramer_gate/reference_metrics/1R51/rosetta/interface_analyzer/dimers/ifc_000001.pdb nstruct index 1
protocols.jd2.PDBJobInputter: (0) pushed /scratch/gpfs/KAIYIJIANG/zijie/work/immune-design/tetramer_gate/reference_metrics/1R51/rosetta/interface_analyzer/dimers/ifc_000002.pdb nstruct index 1
protocols.jd2.PDBJobInputter: (0) pushed /scratch/gpfs/KAIYIJIANG/zijie/work/immune-design/tetramer_gate/reference_metrics/1R51/rosetta/interface_analyzer/dimers/ifc_000003.pdb nstruct index 1
protocols.evaluation.ChiWellRmsdEvaluatorCreator: (0) Evaluation Creator active ... 
core.scoring.ScoreFunctionFactory: (0) SCOREFUNCTION: ref2015
core.scoring.etable: (0) Starting energy table calculation
core.scoring.etable: (0) smooth_etable: changing atr/rep split to bottom of energy well
core.scoring.etable: (0) smooth_etable: spline smoothing lj etables (maxdis = 6)
core.scoring.etable: (0) smooth_etable: spline smoothing solvation etables (max_dis = 6)
core.scoring.etable: (0) Finished calculating energy tables.
basic.io.database: (0) Database file opened: scoring/score_functions/hbonds/ref2015_params/HBPoly1D.csv
basic.io.database: (0) Database file opened: scoring/score_functions/hbonds/ref2015_params/HBFadeIntervals.csv
basic.io.database: (0) Database file opened: scoring/score_functions/hbonds/ref2015_params/HBEval.csv
basic.io.database: (0) Database file opened: scoring/score_functions/hbonds/ref2015_params/DonStrength.csv
basic.io.database: (0) Database file opened: scoring/score_functions/hbonds/ref2015_params/AccStrength.csv
core.chemical.GlobalResidueTypeSet: (0) Finished initializing fa_standard residue type set.  Created 985 residue types
core.chemical.GlobalResidueTypeSet: (0) Total time to initialize 0.578045 seconds.
basic.io.database: (0) Database file opened: scoring/score_functions/rama/fd/all.ramaProb
basic.io.database: (0) Database file opened: scoring/score_functions/rama/fd/prepro.ramaProb
basic.io.database: (0) Database file opened: scoring/score_functions/omega/omega_ppdep.all.txt
basic.io.database: (0) Database file opened: scoring/score_functions/omega/omega_ppdep.gly.txt
basic.io.database: (0) Database file opened: scoring/score_functions/omega/omega_ppdep.pro.txt
basic.io.database: (0) Database file opened: scoring/score_functions/omega/omega_ppdep.valile.txt
basic.io.database: (0) Database file opened: scoring/score_functions/P_AA_pp/P_AA
basic.io.database: (0) Database file opened: scoring/score_functions/P_AA_pp/P_AA_n
core.scoring.P_AA: (0) shapovalov_lib::shap_p_aa_pp_smooth_level of 1( aka low_smooth ) got activated.
basic.io.database: (0) Database file opened: scoring/score_functions/P_AA_pp/shapovalov/10deg/kappa131/a20.prop
protocols.jd2.PDBJobInputter: (0) PDBJobInputter::pose_from_job
protocols.jd2.PDBJobInputter: (0) filling pose from PDB /scratch/gpfs/KAIYIJIANG/zijie/work/immune-design/tetramer_gate/reference_metrics/1R51/rosetta/interface_analyzer/dimers/ifc_000000.pdb
core.import_pose.import_pose: (0) File '/scratch/gpfs/KAIYIJIANG/zijie/work/immune-design/tetramer_gate/reference_metrics/1R51/rosetta/interface_analyzer/dimers/ifc_000000.pdb' automatically determined to be of type PDB from contents.
core.conformation.Conformation: (0) [ WARNING ] missing heavyatom:  OXT on residue SER:CtermProteinFull 295
core.conformation.Conformation: (0) [ WARNING ] missing heavyatom:  OXT on residue SER:CtermProteinFull 590
core.scoring.ScoreFunctionFactory: (0) SCOREFUNCTION: ref2015
apps.public.analysis.InterfaceAnalyzer: (0) Computing interface between two chains in pose
protocols.analysis.InterfaceAnalyzerMover: (0) Using normal constructor
protocols.analysis.InterfaceAnalyzerMover: (0) Making an interface set with default calculator.
basic.io.database: (0) Database file opened: scoring/score_functions/elec_cp_reps.dat
core.scoring.elec.util: (0) Read 40 countpair representative atoms
core.pack.dunbrack.RotamerLibrary: (0) shapovalov_lib_fixes_enable option is true.
core.pack.dunbrack.RotamerLibrary: (0) shapovalov_lib::shap_dun10_smooth_level of 1( aka lowest_smooth ) got activated.
core.pack.dunbrack.RotamerLibrary: (0) Binary rotamer library selected: /projects/MOLBIO/local/src/rosetta.source.release-408/main/database/rotamer/shapovalov/StpDwn_0-0-0/Dunbrack10.lib.bin
core.pack.dunbrack.RotamerLibrary: (0) Using Dunbrack library binary file '/projects/MOLBIO/local/src/rosetta.source.release-408/main/database/rotamer/shapovalov/StpDwn_0-0-0/Dunbrack10.lib.bin'.
core.pack.dunbrack.RotamerLibrary: (0) Dunbrack 2010 library took 0.124536 seconds to load from binary
protocols.analysis.InterfaceAnalyzerMover: (0) Detecting disulfides in the separated pose.
protocols.analysis.InterfaceAnalyzerMover: (0) Calculating dSASA
protocols.analysis.InterfaceAnalyzerMover: (0) Calculating per-res dSASA data
protocols.analysis.InterfaceAnalyzerMover: (0) included_nres: 590
protocols.analysis.InterfaceAnalyzerMover: (0) Making hbond ScoreFunction with bb-bb energy method options
core.scoring.ScoreFunctionFactory: (0) SCOREFUNCTION: ref2015
protocols.analysis.InterfaceAnalyzerMover: (0) Computing interface packstats.
protocols.analysis.InterfaceAnalyzerMover: (0) Total: 590 PackScoresTotal: 590
protocols.analysis.InterfaceAnalyzerMover: (0) Computing delta unsat polar residues...
basic.io.database: (0) Database file opened: scoring/score_functions/hbonds/sp2_elec_params/HBPoly1D.csv
basic.io.database: (0) Database file opened: scoring/score_functions/hbonds/sp2_elec_params/HBFadeIntervals.csv
basic.io.database: (0) Database file opened: scoring/score_functions/hbonds/sp2_elec_params/HBEval.csv
basic.io.database: (0) Database file opened: scoring/score_functions/sc/sc_radii.lib
protocols.analysis.InterfaceAnalyzerMover: (0) Computing Shape Complementarity Score...
protocols.analysis.InterfaceAnalyzerMover: (0) Upstream chain(s) numbers: 1, 
protocols.analysis.InterfaceAnalyzerMover: (0) Downstream chain(s) numbers: 2, 
protocols.jd2.JobDistributor: (0) ifc_000000_0001 reported success in 9 seconds
protocols.jd2.PDBJobInputter: (0) PDBJobInputter::pose_from_job
protocols.jd2.PDBJobInputter: (0) filling pose from PDB /scratch/gpfs/KAIYIJIANG/zijie/work/immune-design/tetramer_gate/reference_metrics/1R51/rosetta/interface_analyzer/dimers/ifc_000001.pdb
core.import_pose.import_pose: (0) File '/scratch/gpfs/KAIYIJIANG/zijie/work/immune-design/tetramer_gate/reference_metrics/1R51/rosetta/interface_analyzer/dimers/ifc_000001.pdb' automatically determined to be of type PDB from contents.
core.conformation.Conformation: (0) [ WARNING ] missing heavyatom:  OXT on residue SER:CtermProteinFull 295
core.conformation.Conformation: (0) [ WARNING ] missing heavyatom:  OXT on residue SER:CtermProteinFull 590
core.scoring.ScoreFunctionFactory: (0) SCOREFUNCTION: ref2015
apps.public.analysis.InterfaceAnalyzer: (0) Computing interface between two chains in pose
protocols.analysis.InterfaceAnalyzerMover: (0) Using normal constructor
protocols.analysis.InterfaceAnalyzerMover: (0) [ WARNING ] In InterfaceAnalyzerMover, calculator Sasa_1 already exists, this is hopefully correct for your purposes
protocols.analysis.InterfaceAnalyzerMover: (0) [ WARNING ] In InterfaceAnalyzerMover, calculator InterfaceNeighborDefinition_1 already exists, this is hopefully correct for your purposes
protocols.analysis.InterfaceAnalyzerMover: (0) [ WARNING ] In InterfaceAnalyzerMover, calculator InterfaceDeltaEnergetics_1 already exists, this is hopefully correct for your purposes
protocols.analysis.InterfaceAnalyzerMover: (0) [ WARNING ] In InterfaceAnalyzerMover, calculator NumberHBonds_1 already exists, this is hopefully correct for your purposes
protocols.analysis.InterfaceAnalyzerMover: (0) [ WARNING ] In InterfaceAnalyzerMover, calculator BuriedUnsatisfiedPolars_1 already exists, this is hopefully correct for your purposes
protocols.analysis.InterfaceAnalyzerMover: (0) Making an interface set with default calculator.
protocols.analysis.InterfaceAnalyzerMover: (0) Detecting disulfides in the separated pose.
protocols.analysis.InterfaceAnalyzerMover: (0) Calculating dSASA
protocols.analysis.InterfaceAnalyzerMover: (0) Calculating per-res dSASA data
protocols.analysis.InterfaceAnalyzerMover: (0) included_nres: 590
protocols.analysis.InterfaceAnalyzerMover: (0) Making hbond ScoreFunction with bb-bb energy method options
core.scoring.ScoreFunctionFactory: (0) SCOREFUNCTION: ref2015
protocols.analysis.InterfaceAnalyzerMover: (0) Computing interface packstats.
protocols.analysis.InterfaceAnalyzerMover: (0) Total: 590 PackScoresTotal: 590
protocols.analysis.InterfaceAnalyzerMover: (0) Computing delta unsat polar residues...
protocols.analysis.InterfaceAnalyzerMover: (0) Computing Shape Complementarity Score...
protocols.analysis.InterfaceAnalyzerMover: (0) Upstream chain(s) numbers: 1, 
protocols.analysis.InterfaceAnalyzerMover: (0) Downstream chain(s) numbers: 2, 
protocols.jd2.JobDistributor: (0) ifc_000001_0001 reported success in 9 seconds
protocols.jd2.PDBJobInputter: (0) PDBJobInputter::pose_from_job
protocols.jd2.PDBJobInputter: (0) filling pose from PDB /scratch/gpfs/KAIYIJIANG/zijie/work/immune-design/tetramer_gate/reference_metrics/1R51/rosetta/interface_analyzer/dimers/ifc_000002.pdb
core.import_pose.import_pose: (0) File '/scratch/gpfs/KAIYIJIANG/zijie/work/immune-design/tetramer_gate/reference_metrics/1R51/rosetta/interface_analyzer/dimers/ifc_000002.pdb' automatically determined to be of type PDB from contents.
core.conformation.Conformation: (0) [ WARNING ] missing heavyatom:  OXT on residue SER:CtermProteinFull 295
core.conformation.Conformation: (0) [ WARNING ] missing heavyatom:  OXT on residue SER:CtermProteinFull 590
core.scoring.ScoreFunctionFactory: (0) SCOREFUNCTION: ref2015
apps.public.analysis.InterfaceAnalyzer: (0) Computing interface between two chains in pose
protocols.analysis.InterfaceAnalyzerMover: (0) Using normal constructor
protocols.analysis.InterfaceAnalyzerMover: (0) [ WARNING ] In InterfaceAnalyzerMover, calculator Sasa_1 already exists, this is hopefully correct for your purposes
protocols.analysis.InterfaceAnalyzerMover: (0) [ WARNING ] In InterfaceAnalyzerMover, calculator InterfaceNeighborDefinition_1 already exists, this is hopefully correct for your purposes
protocols.analysis.InterfaceAnalyzerMover: (0) [ WARNING ] In InterfaceAnalyzerMover, calculator InterfaceDeltaEnergetics_1 already exists, this is hopefully correct for your purposes
protocols.analysis.InterfaceAnalyzerMover: (0) [ WARNING ] In InterfaceAnalyzerMover, calculator NumberHBonds_1 already exists, this is hopefully correct for your purposes
protocols.analysis.InterfaceAnalyzerMover: (0) [ WARNING ] In InterfaceAnalyzerMover, calculator BuriedUnsatisfiedPolars_1 already exists, this is hopefully correct for your purposes
protocols.analysis.InterfaceAnalyzerMover: (0) Making an interface set with default calculator.
protocols.analysis.InterfaceAnalyzerMover: (0) Detecting disulfides in the separated pose.
protocols.analysis.InterfaceAnalyzerMover: (0) Calculating dSASA
protocols.analysis.InterfaceAnalyzerMover: (0) Calculating per-res dSASA data
protocols.analysis.InterfaceAnalyzerMover: (0) included_nres: 590
protocols.analysis.InterfaceAnalyzerMover: (0) Making hbond ScoreFunction with bb-bb energy method options
core.scoring.ScoreFunctionFactory: (0) SCOREFUNCTION: ref2015
protocols.analysis.InterfaceAnalyzerMover: (0) Computing interface packstats.
protocols.analysis.InterfaceAnalyzerMover: (0) Total: 590 PackScoresTotal: 590
protocols.analysis.InterfaceAnalyzerMover: (0) Computing delta unsat polar residues...
protocols.analysis.InterfaceAnalyzerMover: (0) Computing Shape Complementarity Score...
protocols.analysis.InterfaceAnalyzerMover: (0) Upstream chain(s) numbers: 1, 
protocols.analysis.InterfaceAnalyzerMover: (0) Downstream chain(s) numbers: 2, 
protocols.jd2.JobDistributor: (0) ifc_000002_0001 reported success in 9 seconds
protocols.jd2.PDBJobInputter: (0) PDBJobInputter::pose_from_job
protocols.jd2.PDBJobInputter: (0) filling pose from PDB /scratch/gpfs/KAIYIJIANG/zijie/work/immune-design/tetramer_gate/reference_metrics/1R51/rosetta/interface_analyzer/dimers/ifc_000003.pdb
core.import_pose.import_pose: (0) File '/scratch/gpfs/KAIYIJIANG/zijie/work/immune-design/tetramer_gate/reference_metrics/1R51/rosetta/interface_analyzer/dimers/ifc_000003.pdb' automatically determined to be of type PDB from contents.
core.conformation.Conformation: (0) [ WARNING ] missing heavyatom:  OXT on residue SER:CtermProteinFull 295
core.conformation.Conformation: (0) [ WARNING ] missing heavyatom:  OXT on residue SER:CtermProteinFull 590
core.scoring.ScoreFunctionFactory: (0) SCOREFUNCTION: ref2015
apps.public.analysis.InterfaceAnalyzer: (0) Computing interface between two chains in pose
protocols.analysis.InterfaceAnalyzerMover: (0) Using normal constructor
protocols.analysis.InterfaceAnalyzerMover: (0) [ WARNING ] In InterfaceAnalyzerMover, calculator Sasa_1 already exists, this is hopefully correct for your purposes
protocols.analysis.InterfaceAnalyzerMover: (0) [ WARNING ] In InterfaceAnalyzerMover, calculator InterfaceNeighborDefinition_1 already exists, this is hopefully correct for your purposes
protocols.analysis.InterfaceAnalyzerMover: (0) [ WARNING ] In InterfaceAnalyzerMover, calculator InterfaceDeltaEnergetics_1 already exists, this is hopefully correct for your purposes
protocols.analysis.InterfaceAnalyzerMover: (0) [ WARNING ] In InterfaceAnalyzerMover, calculator NumberHBonds_1 already exists, this is hopefully correct for your purposes
protocols.analysis.InterfaceAnalyzerMover: (0) [ WARNING ] In InterfaceAnalyzerMover, calculator BuriedUnsatisfiedPolars_1 already exists, this is hopefully correct for your purposes
protocols.analysis.InterfaceAnalyzerMover: (0) Making an interface set with default calculator.
protocols.analysis.InterfaceAnalyzerMover: (0) Detecting disulfides in the separated pose.
protocols.analysis.InterfaceAnalyzerMover: (0) Calculating dSASA
protocols.analysis.InterfaceAnalyzerMover: (0) Calculating per-res dSASA data
protocols.analysis.InterfaceAnalyzerMover: (0) included_nres: 590
protocols.analysis.InterfaceAnalyzerMover: (0) Making hbond ScoreFunction with bb-bb energy method options
core.scoring.ScoreFunctionFactory: (0) SCOREFUNCTION: ref2015
protocols.analysis.InterfaceAnalyzerMover: (0) Computing interface packstats.
protocols.analysis.InterfaceAnalyzerMover: (0) Total: 590 PackScoresTotal: 590
protocols.analysis.InterfaceAnalyzerMover: (0) Computing delta unsat polar residues...
protocols.analysis.InterfaceAnalyzerMover: (0) Computing Shape Complementarity Score...
protocols.analysis.InterfaceAnalyzerMover: (0) Upstream chain(s) numbers: 1, 
protocols.analysis.InterfaceAnalyzerMover: (0) Downstream chain(s) numbers: 2, 
protocols.jd2.JobDistributor: (0) ifc_000003_0001 reported success in 9 seconds
protocols.jd2.JobDistributor: (0) no more batches to process... 
protocols.jd2.JobDistributor: (0) 4 jobs considered, 4 jobs attempted in 36 seconds
protocols.jd2.JobDistributor: (0) [ WARNING ] The following options have been set, but have not yet been used:
	-interface A_B
	-jd2:no_output 

apps.public.analysis.InterfaceAnalyzer: (0) ************************d**o**n**e**************************************
