[msa] host=della-i12g2  cpus=8  mem=184320M
[msa] mmseqs=/projects/MOLBIO/local/src/localcolabfold-1.5.5/localcolabfold/colabfold-conda/bin/mmseqs (17.b804f)
createdb /scratch/gpfs/KAIYIJIANG/kaiyi/Uricase/coupling/01_msa/colabfold/query.fas /scratch/gpfs/KAIYIJIANG/kaiyi/Uricase/coupling/01_msa/colabfold/qdb --shuffle 0 

Converting sequences
[
Time for merging to qdb_h: 0h 0m 0s 1ms
Time for merging to qdb: 0h 0m 0s 1ms
Database type: Aminoacid
Time for processing: 0h 0m 0s 8ms
Create directory /scratch/gpfs/KAIYIJIANG/kaiyi/Uricase/coupling/01_msa/colabfold/tmp
search /scratch/gpfs/KAIYIJIANG/kaiyi/Uricase/coupling/01_msa/colabfold/qdb /scratch/gpfs/KAIYIJIANG/databases/colabfold/uniref30_2302_db /scratch/gpfs/KAIYIJIANG/kaiyi/Uricase/coupling/01_msa/colabfold/res /scratch/gpfs/KAIYIJIANG/kaiyi/Uricase/coupling/01_msa/colabfold/tmp --threads 8 --num-iterations 3 --db-load-mode 2 -a -e 0.1 --max-seqs 10000 --gpu 1 --prefilter-mode 1 

ungappedprefilter /scratch/gpfs/KAIYIJIANG/kaiyi/Uricase/coupling/01_msa/colabfold/qdb /scratch/gpfs/KAIYIJIANG/databases/colabfold/uniref30_2302_db.idx /scratch/gpfs/KAIYIJIANG/kaiyi/Uricase/coupling/01_msa/colabfold/tmp/9412666043607915612/pref_0 --sub-mat 'aa:blosum62.out,nucl:nucleotide.out' -c 0 -e 0.1 --cov-mode 0 --comp-bias-corr 1 --comp-bias-corr-scale 1 --min-ungapped-score 15 --max-seqs 10000 --db-load-mode 2 --gpu 1 --gpu-server 0 --gpu-server-wait-timeout 600 --prefilter-mode 1 --threads 8 --compressed 0 -v 3 

Index version: 16
Generated by:  17.b804f
ScoreMatrix:  VTML80.out
[=================================================================] 1 10s 346ms
Time for merging to pref_0: 0h 0m 0s 1ms
Time for processing: 0h 0m 10s 532ms
align /scratch/gpfs/KAIYIJIANG/kaiyi/Uricase/coupling/01_msa/colabfold/qdb /scratch/gpfs/KAIYIJIANG/databases/colabfold/uniref30_2302_db.idx /scratch/gpfs/KAIYIJIANG/kaiyi/Uricase/coupling/01_msa/colabfold/tmp/9412666043607915612/pref_0 /scratch/gpfs/KAIYIJIANG/kaiyi/Uricase/coupling/01_msa/colabfold/tmp/9412666043607915612/aln_0 --sub-mat 'aa:blosum62.out,nucl:nucleotide.out' -a 1 --alignment-mode 2 --alignment-output-mode 0 --wrapped-scoring 0 -e 0.1 --min-seq-id 0 --min-aln-len 0 --seq-id-mode 0 --alt-ali 0 -c 0 --cov-mode 0 --max-seq-len 65535 --comp-bias-corr 1 --comp-bias-corr-scale 1 --max-rejected 2147483647 --max-accept 2147483647 --add-self-matches 0 --db-load-mode 2 --pca substitution:1.100,context:1.400 --pcb substitution:4.100,context:5.800 --score-bias 0 --realign 1 --realign-score-bias -0.2 --realign-max-seqs 2147483647 --corr-score-weight 0 --gap-open aa:11,nucl:5 --gap-extend aa:1,nucl:2 --zdrop 40 --threads 8 --compressed 0 -v 3 

Index version: 16
Generated by:  17.b804f
ScoreMatrix:  VTML80.out
Compute score only
Query database size: 1 type: Aminoacid
Target database size: 36293491 type: Aminoacid
Calculation of alignments
[=================================================================] 1 0s 1ms
Time for merging to aln_0: 0h 0m 0s 2ms
10000 alignments calculated
212 sequence pairs passed the thresholds (0.021200 of overall calculated)
212.000000 hits per query sequence
Time for processing: 0h 0m 0s 504ms
result2profile /scratch/gpfs/KAIYIJIANG/kaiyi/Uricase/coupling/01_msa/colabfold/qdb /scratch/gpfs/KAIYIJIANG/databases/colabfold/uniref30_2302_db.idx /scratch/gpfs/KAIYIJIANG/kaiyi/Uricase/coupling/01_msa/colabfold/tmp/9412666043607915612/aln_0 /scratch/gpfs/KAIYIJIANG/kaiyi/Uricase/coupling/01_msa/colabfold/tmp/9412666043607915612/profile_0 --sub-mat 'aa:blosum62.out,nucl:nucleotide.out' -e 0.1 --mask-profile 1 --e-profile 0.1 --comp-bias-corr 1 --comp-bias-corr-scale 1 --wg 0 --allow-deletion 0 --filter-msa 1 --filter-min-enable 0 --max-seq-id 0.9 --qid '0.0' --qsc -20 --cov 0 --diff 1000 --pseudo-cnt-mode 0 --pca substitution:1.100,context:1.400 --pcb substitution:4.100,context:5.800 --db-load-mode 2 --gap-open aa:11,nucl:5 --gap-extend aa:1,nucl:2 --threads 8 --compressed 0 -v 3 --profile-output-mode 0 

Index version: 16
Generated by:  17.b804f
ScoreMatrix:  VTML80.out
Query database size: 1 type: Aminoacid
Target database size: 36293491 type: Aminoacid
[=================================================================] 1 0s 1ms
Time for merging to profile_0: 0h 0m 0s 0ms
Time for processing: 0h 0m 0s 19ms
ungappedprefilter /scratch/gpfs/KAIYIJIANG/kaiyi/Uricase/coupling/01_msa/colabfold/tmp/9412666043607915612/profile_0 /scratch/gpfs/KAIYIJIANG/databases/colabfold/uniref30_2302_db.idx /scratch/gpfs/KAIYIJIANG/kaiyi/Uricase/coupling/01_msa/colabfold/tmp/9412666043607915612/pref_tmp_1 --sub-mat 'aa:blosum62.out,nucl:nucleotide.out' -c 0 -e 0.1 --cov-mode 0 --comp-bias-corr 1 --comp-bias-corr-scale 1 --min-ungapped-score 15 --max-seqs 10000 --db-load-mode 2 --gpu 1 --gpu-server 0 --gpu-server-wait-timeout 600 --prefilter-mode 1 --threads 8 --compressed 0 -v 3 

Index version: 16
Generated by:  17.b804f
ScoreMatrix:  VTML80.out
[=================================================================] 1 3s 820ms
Time for merging to pref_tmp_1: 0h 0m 0s 1ms
Time for processing: 0h 0m 3s 991ms
subtractdbs /scratch/gpfs/KAIYIJIANG/kaiyi/Uricase/coupling/01_msa/colabfold/tmp/9412666043607915612/pref_tmp_1 /scratch/gpfs/KAIYIJIANG/kaiyi/Uricase/coupling/01_msa/colabfold/tmp/9412666043607915612/aln_0 /scratch/gpfs/KAIYIJIANG/kaiyi/Uricase/coupling/01_msa/colabfold/tmp/9412666043607915612/pref_1 --threads 8 --e-profile 0.1 -e 0.1 --compressed 0 -v 3 

subtractdbs /scratch/gpfs/KAIYIJIANG/kaiyi/Uricase/coupling/01_msa/colabfold/tmp/9412666043607915612/pref_tmp_1 /scratch/gpfs/KAIYIJIANG/kaiyi/Uricase/coupling/01_msa/colabfold/tmp/9412666043607915612/aln_0 /scratch/gpfs/KAIYIJIANG/kaiyi/Uricase/coupling/01_msa/colabfold/tmp/9412666043607915612/pref_1 --threads 8 --e-profile 0.1 -e 0.1 --compressed 0 -v 3 

Remove /scratch/gpfs/KAIYIJIANG/kaiyi/Uricase/coupling/01_msa/colabfold/tmp/9412666043607915612/aln_0 ids from /scratch/gpfs/KAIYIJIANG/kaiyi/Uricase/coupling/01_msa/colabfold/tmp/9412666043607915612/pref_tmp_1
[=================================================================] 1 0s 0ms
Time for merging to pref_1: 0h 0m 0s 2ms
Time for processing: 0h 0m 0s 24ms
rmdb /scratch/gpfs/KAIYIJIANG/kaiyi/Uricase/coupling/01_msa/colabfold/tmp/9412666043607915612/pref_tmp_1 

Time for processing: 0h 0m 0s 0ms
align /scratch/gpfs/KAIYIJIANG/kaiyi/Uricase/coupling/01_msa/colabfold/tmp/9412666043607915612/profile_0 /scratch/gpfs/KAIYIJIANG/databases/colabfold/uniref30_2302_db.idx /scratch/gpfs/KAIYIJIANG/kaiyi/Uricase/coupling/01_msa/colabfold/tmp/9412666043607915612/pref_1 /scratch/gpfs/KAIYIJIANG/kaiyi/Uricase/coupling/01_msa/colabfold/tmp/9412666043607915612/aln_tmp_1 --sub-mat 'aa:blosum62.out,nucl:nucleotide.out' -a 1 --alignment-mode 2 --alignment-output-mode 0 --wrapped-scoring 0 -e 0.1 --min-seq-id 0 --min-aln-len 0 --seq-id-mode 0 --alt-ali 0 -c 0 --cov-mode 0 --max-seq-len 65535 --comp-bias-corr 1 --comp-bias-corr-scale 1 --max-rejected 2147483647 --max-accept 2147483647 --add-self-matches 0 --db-load-mode 2 --pca substitution:1.100,context:1.400 --pcb substitution:4.100,context:5.800 --score-bias 0 --realign 0 --realign-score-bias -0.2 --realign-max-seqs 2147483647 --corr-score-weight 0 --gap-open aa:11,nucl:5 --gap-extend aa:1,nucl:2 --zdrop 40 --threads 8 --compressed 0 -v 3 

Index version: 16
Generated by:  17.b804f
ScoreMatrix:  VTML80.out
Compute score, coverage and sequence identity
Query database size: 1 type: Profile
Target database size: 36293491 type: Aminoacid
Calculation of alignments
[=================================================================] 1 0s 2ms
Time for merging to aln_tmp_1: 0h 0m 0s 0ms
9788 alignments calculated
42 sequence pairs passed the thresholds (0.004291 of overall calculated)
42.000000 hits per query sequence
Time for processing: 0h 0m 0s 568ms
mergedbs /scratch/gpfs/KAIYIJIANG/kaiyi/Uricase/coupling/01_msa/colabfold/tmp/9412666043607915612/profile_0 /scratch/gpfs/KAIYIJIANG/kaiyi/Uricase/coupling/01_msa/colabfold/tmp/9412666043607915612/aln_1 /scratch/gpfs/KAIYIJIANG/kaiyi/Uricase/coupling/01_msa/colabfold/tmp/9412666043607915612/aln_0 /scratch/gpfs/KAIYIJIANG/kaiyi/Uricase/coupling/01_msa/colabfold/tmp/9412666043607915612/aln_tmp_1 

Merging the results to /scratch/gpfs/KAIYIJIANG/kaiyi/Uricase/coupling/01_msa/colabfold/tmp/9412666043607915612/aln_1
[=================================================================] 1 0s 0ms
Time for merging to aln_1: 0h 0m 0s 0ms
Time for processing: 0h 0m 0s 71ms
rmdb /scratch/gpfs/KAIYIJIANG/kaiyi/Uricase/coupling/01_msa/colabfold/tmp/9412666043607915612/aln_0 

Time for processing: 0h 0m 0s 0ms
rmdb /scratch/gpfs/KAIYIJIANG/kaiyi/Uricase/coupling/01_msa/colabfold/tmp/9412666043607915612/aln_tmp_1 

Time for processing: 0h 0m 0s 0ms
result2profile /scratch/gpfs/KAIYIJIANG/kaiyi/Uricase/coupling/01_msa/colabfold/tmp/9412666043607915612/profile_0 /scratch/gpfs/KAIYIJIANG/databases/colabfold/uniref30_2302_db.idx /scratch/gpfs/KAIYIJIANG/kaiyi/Uricase/coupling/01_msa/colabfold/tmp/9412666043607915612/aln_1 /scratch/gpfs/KAIYIJIANG/kaiyi/Uricase/coupling/01_msa/colabfold/tmp/9412666043607915612/profile_1 --sub-mat 'aa:blosum62.out,nucl:nucleotide.out' -e 0.1 --mask-profile 1 --e-profile 0.1 --comp-bias-corr 1 --comp-bias-corr-scale 1 --wg 0 --allow-deletion 0 --filter-msa 1 --filter-min-enable 0 --max-seq-id 0.9 --qid '0.0' --qsc -20 --cov 0 --diff 1000 --pseudo-cnt-mode 0 --pca substitution:1.100,context:1.400 --pcb substitution:4.100,context:5.800 --db-load-mode 2 --gap-open aa:11,nucl:5 --gap-extend aa:1,nucl:2 --threads 8 --compressed 0 -v 3 --profile-output-mode 0 

Index version: 16
Generated by:  17.b804f
ScoreMatrix:  VTML80.out
Query database size: 1 type: Profile
Target database size: 36293491 type: Aminoacid
[=================================================================] 1 0s 3ms
Time for merging to profile_1: 0h 0m 0s 0ms
Time for processing: 0h 0m 0s 20ms
ungappedprefilter /scratch/gpfs/KAIYIJIANG/kaiyi/Uricase/coupling/01_msa/colabfold/tmp/9412666043607915612/profile_1 /scratch/gpfs/KAIYIJIANG/databases/colabfold/uniref30_2302_db.idx /scratch/gpfs/KAIYIJIANG/kaiyi/Uricase/coupling/01_msa/colabfold/tmp/9412666043607915612/pref_tmp_2 --sub-mat 'aa:blosum62.out,nucl:nucleotide.out' -c 0 -e 0.1 --cov-mode 0 --comp-bias-corr 1 --comp-bias-corr-scale 1 --min-ungapped-score 15 --max-seqs 10000 --db-load-mode 2 --gpu 1 --gpu-server 0 --gpu-server-wait-timeout 600 --prefilter-mode 1 --threads 8 --compressed 0 -v 3 

Index version: 16
Generated by:  17.b804f
ScoreMatrix:  VTML80.out
[=================================================================] 1 3s 873ms
Time for merging to pref_tmp_2: 0h 0m 0s 0ms
Time for processing: 0h 0m 4s 48ms
subtractdbs /scratch/gpfs/KAIYIJIANG/kaiyi/Uricase/coupling/01_msa/colabfold/tmp/9412666043607915612/pref_tmp_2 /scratch/gpfs/KAIYIJIANG/kaiyi/Uricase/coupling/01_msa/colabfold/tmp/9412666043607915612/aln_1 /scratch/gpfs/KAIYIJIANG/kaiyi/Uricase/coupling/01_msa/colabfold/tmp/9412666043607915612/pref_2 --threads 8 --e-profile 0.1 -e 0.1 --compressed 0 -v 3 

subtractdbs /scratch/gpfs/KAIYIJIANG/kaiyi/Uricase/coupling/01_msa/colabfold/tmp/9412666043607915612/pref_tmp_2 /scratch/gpfs/KAIYIJIANG/kaiyi/Uricase/coupling/01_msa/colabfold/tmp/9412666043607915612/aln_1 /scratch/gpfs/KAIYIJIANG/kaiyi/Uricase/coupling/01_msa/colabfold/tmp/9412666043607915612/pref_2 --threads 8 --e-profile 0.1 -e 0.1 --compressed 0 -v 3 

Remove /scratch/gpfs/KAIYIJIANG/kaiyi/Uricase/coupling/01_msa/colabfold/tmp/9412666043607915612/aln_1 ids from /scratch/gpfs/KAIYIJIANG/kaiyi/Uricase/coupling/01_msa/colabfold/tmp/9412666043607915612/pref_tmp_2
[=================================================================] 1 0s 0ms
Time for merging to pref_2: 0h 0m 0s 5ms
Time for processing: 0h 0m 0s 16ms
rmdb /scratch/gpfs/KAIYIJIANG/kaiyi/Uricase/coupling/01_msa/colabfold/tmp/9412666043607915612/pref_tmp_2 

Time for processing: 0h 0m 0s 0ms
align /scratch/gpfs/KAIYIJIANG/kaiyi/Uricase/coupling/01_msa/colabfold/tmp/9412666043607915612/profile_1 /scratch/gpfs/KAIYIJIANG/databases/colabfold/uniref30_2302_db.idx /scratch/gpfs/KAIYIJIANG/kaiyi/Uricase/coupling/01_msa/colabfold/tmp/9412666043607915612/pref_2 /scratch/gpfs/KAIYIJIANG/kaiyi/Uricase/coupling/01_msa/colabfold/tmp/9412666043607915612/aln_tmp_2 --sub-mat 'aa:blosum62.out,nucl:nucleotide.out' -a 1 --alignment-mode 2 --alignment-output-mode 0 --wrapped-scoring 0 -e 0.1 --min-seq-id 0 --min-aln-len 0 --seq-id-mode 0 --alt-ali 0 -c 0 --cov-mode 0 --max-seq-len 65535 --comp-bias-corr 1 --comp-bias-corr-scale 1 --max-rejected 2147483647 --max-accept 2147483647 --add-self-matches 0 --db-load-mode 2 --pca substitution:1.100,context:1.400 --pcb substitution:4.100,context:5.800 --score-bias 0 --realign 0 --realign-score-bias -0.2 --realign-max-seqs 2147483647 --corr-score-weight 0 --gap-open aa:11,nucl:5 --gap-extend aa:1,nucl:2 --zdrop 40 --threads 8 --compressed 0 -v 3 

Index version: 16
Generated by:  17.b804f
ScoreMatrix:  VTML80.out
Compute score, coverage and sequence identity
Query database size: 1 type: Profile
Target database size: 36293491 type: Aminoacid
Calculation of alignments
[=================================================================] 1 0s 2ms
Time for merging to aln_tmp_2: 0h 0m 0s 0ms
9746 alignments calculated
2 sequence pairs passed the thresholds (0.000205 of overall calculated)
2.000000 hits per query sequence
Time for processing: 0h 0m 0s 564ms
mergedbs /scratch/gpfs/KAIYIJIANG/kaiyi/Uricase/coupling/01_msa/colabfold/tmp/9412666043607915612/profile_1 /scratch/gpfs/KAIYIJIANG/kaiyi/Uricase/coupling/01_msa/colabfold/res /scratch/gpfs/KAIYIJIANG/kaiyi/Uricase/coupling/01_msa/colabfold/tmp/9412666043607915612/aln_1 /scratch/gpfs/KAIYIJIANG/kaiyi/Uricase/coupling/01_msa/colabfold/tmp/9412666043607915612/aln_tmp_2 

Merging the results to /scratch/gpfs/KAIYIJIANG/kaiyi/Uricase/coupling/01_msa/colabfold/res
[=================================================================] 1 0s 0ms
Time for merging to res: 0h 0m 0s 1ms
Time for processing: 0h 0m 0s 3ms
rmdb /scratch/gpfs/KAIYIJIANG/kaiyi/Uricase/coupling/01_msa/colabfold/tmp/9412666043607915612/aln_1 

Time for processing: 0h 0m 0s 0ms
rmdb /scratch/gpfs/KAIYIJIANG/kaiyi/Uricase/coupling/01_msa/colabfold/tmp/9412666043607915612/aln_tmp_2 

Time for processing: 0h 0m 0s 0ms
mvdb /scratch/gpfs/KAIYIJIANG/kaiyi/Uricase/coupling/01_msa/colabfold/tmp/latest/profile_1 /scratch/gpfs/KAIYIJIANG/kaiyi/Uricase/coupling/01_msa/colabfold/prof_res 

Time for processing: 0h 0m 0s 1ms
lndb /scratch/gpfs/KAIYIJIANG/kaiyi/Uricase/coupling/01_msa/colabfold/qdb_h /scratch/gpfs/KAIYIJIANG/kaiyi/Uricase/coupling/01_msa/colabfold/prof_res_h 

Time for processing: 0h 0m 0s 1ms
expandaln /scratch/gpfs/KAIYIJIANG/kaiyi/Uricase/coupling/01_msa/colabfold/qdb /scratch/gpfs/KAIYIJIANG/databases/colabfold/uniref30_2302_db.idx /scratch/gpfs/KAIYIJIANG/kaiyi/Uricase/coupling/01_msa/colabfold/res /scratch/gpfs/KAIYIJIANG/databases/colabfold/uniref30_2302_db.idx /scratch/gpfs/KAIYIJIANG/kaiyi/Uricase/coupling/01_msa/colabfold/res_exp --db-load-mode 2 --threads 8 --expansion-mode 0 -e inf --expand-filter-clusters 0 --max-seq-id 0.95 

Index version: 16
Generated by:  17.b804f
ScoreMatrix:  VTML80.out
Index version: 16
Generated by:  17.b804f
ScoreMatrix:  VTML80.out
[=================================================================] 1 0s 0ms
Time for merging to res_exp: 0h 0m 0s 7ms
Time for processing: 0h 0m 1s 373ms
align /scratch/gpfs/KAIYIJIANG/kaiyi/Uricase/coupling/01_msa/colabfold/prof_res /scratch/gpfs/KAIYIJIANG/databases/colabfold/uniref30_2302_db.idx /scratch/gpfs/KAIYIJIANG/kaiyi/Uricase/coupling/01_msa/colabfold/res_exp /scratch/gpfs/KAIYIJIANG/kaiyi/Uricase/coupling/01_msa/colabfold/res_exp_realign --db-load-mode 2 -e 10 --max-accept 1000000 --threads 8 --alt-ali 10 -a 

Index version: 16
Generated by:  17.b804f
ScoreMatrix:  VTML80.out
Compute score, coverage and sequence identity
Query database size: 1 type: Profile
Target database size: 350950053 type: Aminoacid
Calculation of alignments
[=================================================================] 1 0s 2ms
Time for merging to res_exp_realign: 0h 0m 0s 1ms
9952 alignments calculated
9949 sequence pairs passed the thresholds (0.999699 of overall calculated)
9949.000000 hits per query sequence
Time for processing: 0h 0m 19s 745ms
filterresult /scratch/gpfs/KAIYIJIANG/kaiyi/Uricase/coupling/01_msa/colabfold/qdb /scratch/gpfs/KAIYIJIANG/databases/colabfold/uniref30_2302_db.idx /scratch/gpfs/KAIYIJIANG/kaiyi/Uricase/coupling/01_msa/colabfold/res_exp_realign /scratch/gpfs/KAIYIJIANG/kaiyi/Uricase/coupling/01_msa/colabfold/res_exp_realign_filter --db-load-mode 2 --qid 0 --qsc -20.0 --diff 0 --threads 8 --max-seq-id 1.0 --filter-min-enable 100 

Index version: 16
Generated by:  17.b804f
ScoreMatrix:  VTML80.out
Query database size: 1 type: Aminoacid
Target database size: 350950053 type: Aminoacid
[=================================================================] 1 0s 1ms
Time for merging to res_exp_realign_filter: 0h 0m 0s 0ms
Time for processing: 0h 0m 0s 162ms
result2msa /scratch/gpfs/KAIYIJIANG/kaiyi/Uricase/coupling/01_msa/colabfold/qdb /scratch/gpfs/KAIYIJIANG/databases/colabfold/uniref30_2302_db.idx /scratch/gpfs/KAIYIJIANG/kaiyi/Uricase/coupling/01_msa/colabfold/res_exp_realign_filter /scratch/gpfs/KAIYIJIANG/kaiyi/Uricase/coupling/01_msa/colabfold/uniref.a3m --msa-format-mode 6 --db-load-mode 2 --threads 8 --filter-msa 0 --filter-min-enable 1000 --diff 3000 --qid 0.0,0.2,0.4,0.6,0.8,1.0 --qsc 0 --max-seq-id 0.95 

Index version: 16
Generated by:  17.b804f
ScoreMatrix:  VTML80.out
Index version: 16
Generated by:  17.b804f
ScoreMatrix:  VTML80.out
Query database size: 1 type: Aminoacid
Target database size: 350950053 type: Aminoacid
[=================================================================] 1 0s 1ms
Time for merging to uniref.a3m: 0h 0m 0s 1ms
Time for processing: 0h 0m 19s 163ms
rmdb /scratch/gpfs/KAIYIJIANG/kaiyi/Uricase/coupling/01_msa/colabfold/res_exp_realign_filter 

Time for processing: 0h 0m 0s 0ms
rmdb /scratch/gpfs/KAIYIJIANG/kaiyi/Uricase/coupling/01_msa/colabfold/res_exp_realign 

Time for processing: 0h 0m 0s 0ms
rmdb /scratch/gpfs/KAIYIJIANG/kaiyi/Uricase/coupling/01_msa/colabfold/res_exp 

Time for processing: 0h 0m 0s 1ms
rmdb /scratch/gpfs/KAIYIJIANG/kaiyi/Uricase/coupling/01_msa/colabfold/res 

Time for processing: 0h 0m 0s 0ms
Create directory /scratch/gpfs/KAIYIJIANG/kaiyi/Uricase/coupling/01_msa/colabfold/tmp3
search /scratch/gpfs/KAIYIJIANG/kaiyi/Uricase/coupling/01_msa/colabfold/prof_res /scratch/gpfs/KAIYIJIANG/databases/colabfold/colabfold_envdb_202108_db /scratch/gpfs/KAIYIJIANG/kaiyi/Uricase/coupling/01_msa/colabfold/res_env /scratch/gpfs/KAIYIJIANG/kaiyi/Uricase/coupling/01_msa/colabfold/tmp3 --threads 8 --num-iterations 3 --db-load-mode 2 -a -e 0.1 --max-seqs 10000 --gpu 1 --prefilter-mode 1 

ungappedprefilter /scratch/gpfs/KAIYIJIANG/kaiyi/Uricase/coupling/01_msa/colabfold/prof_res /scratch/gpfs/KAIYIJIANG/databases/colabfold/colabfold_envdb_202108_db.idx /scratch/gpfs/KAIYIJIANG/kaiyi/Uricase/coupling/01_msa/colabfold/tmp3/12091254260426362562/pref_0 --sub-mat 'aa:blosum62.out,nucl:nucleotide.out' -c 0 -e 0.1 --cov-mode 0 --comp-bias-corr 1 --comp-bias-corr-scale 1 --min-ungapped-score 15 --max-seqs 10000 --db-load-mode 2 --gpu 1 --gpu-server 0 --gpu-server-wait-timeout 600 --prefilter-mode 1 --threads 8 --compressed 0 -v 3 

Index version: 16
Generated by:  17.b804f
ScoreMatrix:  VTML80.out
[=================================================================] 1 1m 6s 953ms
Time for merging to pref_0: 0h 0m 0s 1ms
Time for processing: 0h 1m 7s 561ms
align /scratch/gpfs/KAIYIJIANG/kaiyi/Uricase/coupling/01_msa/colabfold/prof_res /scratch/gpfs/KAIYIJIANG/databases/colabfold/colabfold_envdb_202108_db.idx /scratch/gpfs/KAIYIJIANG/kaiyi/Uricase/coupling/01_msa/colabfold/tmp3/12091254260426362562/pref_0 /scratch/gpfs/KAIYIJIANG/kaiyi/Uricase/coupling/01_msa/colabfold/tmp3/12091254260426362562/aln_0 --sub-mat 'aa:blosum62.out,nucl:nucleotide.out' -a 1 --alignment-mode 2 --alignment-output-mode 0 --wrapped-scoring 0 -e 0.1 --min-seq-id 0 --min-aln-len 0 --seq-id-mode 0 --alt-ali 0 -c 0 --cov-mode 0 --max-seq-len 65535 --comp-bias-corr 1 --comp-bias-corr-scale 1 --max-rejected 2147483647 --max-accept 2147483647 --add-self-matches 0 --db-load-mode 2 --pca substitution:1.100,context:1.400 --pcb substitution:4.100,context:5.800 --score-bias 0 --realign 1 --realign-score-bias -0.2 --realign-max-seqs 2147483647 --corr-score-weight 0 --gap-open aa:11,nucl:5 --gap-extend aa:1,nucl:2 --zdrop 40 --threads 8 --compressed 0 -v 3 

Index version: 16
Generated by:  17.b804f
ScoreMatrix:  VTML80.out
Compute score only
Query database size: 1 type: Profile
Target database size: 209335862 type: Aminoacid
Calculation of alignments
[=================================================================] 1 0s 2ms
Time for merging to aln_0: 0h 0m 0s 1ms
10000 alignments calculated
902 sequence pairs passed the thresholds (0.090200 of overall calculated)
902.000000 hits per query sequence
Time for processing: 0h 0m 0s 475ms
result2profile /scratch/gpfs/KAIYIJIANG/kaiyi/Uricase/coupling/01_msa/colabfold/prof_res /scratch/gpfs/KAIYIJIANG/databases/colabfold/colabfold_envdb_202108_db.idx /scratch/gpfs/KAIYIJIANG/kaiyi/Uricase/coupling/01_msa/colabfold/tmp3/12091254260426362562/aln_0 /scratch/gpfs/KAIYIJIANG/kaiyi/Uricase/coupling/01_msa/colabfold/tmp3/12091254260426362562/profile_0 --sub-mat 'aa:blosum62.out,nucl:nucleotide.out' -e 0.1 --mask-profile 1 --e-profile 0.1 --comp-bias-corr 1 --comp-bias-corr-scale 1 --wg 0 --allow-deletion 0 --filter-msa 1 --filter-min-enable 0 --max-seq-id 0.9 --qid '0.0' --qsc -20 --cov 0 --diff 1000 --pseudo-cnt-mode 0 --pca substitution:1.100,context:1.400 --pcb substitution:4.100,context:5.800 --db-load-mode 2 --gap-open aa:11,nucl:5 --gap-extend aa:1,nucl:2 --threads 8 --compressed 0 -v 3 --profile-output-mode 0 

Index version: 16
Generated by:  17.b804f
ScoreMatrix:  VTML80.out
Query database size: 1 type: Profile
Target database size: 209335862 type: Aminoacid
[=================================================================] 1 0s 2ms
Time for merging to profile_0: 0h 0m 0s 1ms
Time for processing: 0h 0m 0s 65ms
ungappedprefilter /scratch/gpfs/KAIYIJIANG/kaiyi/Uricase/coupling/01_msa/colabfold/tmp3/12091254260426362562/profile_0 /scratch/gpfs/KAIYIJIANG/databases/colabfold/colabfold_envdb_202108_db.idx /scratch/gpfs/KAIYIJIANG/kaiyi/Uricase/coupling/01_msa/colabfold/tmp3/12091254260426362562/pref_tmp_1 --sub-mat 'aa:blosum62.out,nucl:nucleotide.out' -c 0 -e 0.1 --cov-mode 0 --comp-bias-corr 1 --comp-bias-corr-scale 1 --min-ungapped-score 15 --max-seqs 10000 --db-load-mode 2 --gpu 1 --gpu-server 0 --gpu-server-wait-timeout 600 --prefilter-mode 1 --threads 8 --compressed 0 -v 3 

Index version: 16
Generated by:  17.b804f
ScoreMatrix:  VTML80.out
[=================================================================] 1 16s 207ms
Time for merging to pref_tmp_1: 0h 0m 0s 2ms
Time for processing: 0h 0m 16s 803ms
subtractdbs /scratch/gpfs/KAIYIJIANG/kaiyi/Uricase/coupling/01_msa/colabfold/tmp3/12091254260426362562/pref_tmp_1 /scratch/gpfs/KAIYIJIANG/kaiyi/Uricase/coupling/01_msa/colabfold/tmp3/12091254260426362562/aln_0 /scratch/gpfs/KAIYIJIANG/kaiyi/Uricase/coupling/01_msa/colabfold/tmp3/12091254260426362562/pref_1 --threads 8 --e-profile 0.1 -e 0.1 --compressed 0 -v 3 

subtractdbs /scratch/gpfs/KAIYIJIANG/kaiyi/Uricase/coupling/01_msa/colabfold/tmp3/12091254260426362562/pref_tmp_1 /scratch/gpfs/KAIYIJIANG/kaiyi/Uricase/coupling/01_msa/colabfold/tmp3/12091254260426362562/aln_0 /scratch/gpfs/KAIYIJIANG/kaiyi/Uricase/coupling/01_msa/colabfold/tmp3/12091254260426362562/pref_1 --threads 8 --e-profile 0.1 -e 0.1 --compressed 0 -v 3 

Remove /scratch/gpfs/KAIYIJIANG/kaiyi/Uricase/coupling/01_msa/colabfold/tmp3/12091254260426362562/aln_0 ids from /scratch/gpfs/KAIYIJIANG/kaiyi/Uricase/coupling/01_msa/colabfold/tmp3/12091254260426362562/pref_tmp_1
[=================================================================] 1 0s 0ms
Time for merging to pref_1: 0h 0m 0s 7ms
Time for processing: 0h 0m 0s 21ms
rmdb /scratch/gpfs/KAIYIJIANG/kaiyi/Uricase/coupling/01_msa/colabfold/tmp3/12091254260426362562/pref_tmp_1 

Time for processing: 0h 0m 0s 0ms
align /scratch/gpfs/KAIYIJIANG/kaiyi/Uricase/coupling/01_msa/colabfold/tmp3/12091254260426362562/profile_0 /scratch/gpfs/KAIYIJIANG/databases/colabfold/colabfold_envdb_202108_db.idx /scratch/gpfs/KAIYIJIANG/kaiyi/Uricase/coupling/01_msa/colabfold/tmp3/12091254260426362562/pref_1 /scratch/gpfs/KAIYIJIANG/kaiyi/Uricase/coupling/01_msa/colabfold/tmp3/12091254260426362562/aln_tmp_1 --sub-mat 'aa:blosum62.out,nucl:nucleotide.out' -a 1 --alignment-mode 2 --alignment-output-mode 0 --wrapped-scoring 0 -e 0.1 --min-seq-id 0 --min-aln-len 0 --seq-id-mode 0 --alt-ali 0 -c 0 --cov-mode 0 --max-seq-len 65535 --comp-bias-corr 1 --comp-bias-corr-scale 1 --max-rejected 2147483647 --max-accept 2147483647 --add-self-matches 0 --db-load-mode 2 --pca substitution:1.100,context:1.400 --pcb substitution:4.100,context:5.800 --score-bias 0 --realign 0 --realign-score-bias -0.2 --realign-max-seqs 2147483647 --corr-score-weight 0 --gap-open aa:11,nucl:5 --gap-extend aa:1,nucl:2 --zdrop 40 --threads 8 --compressed 0 -v 3 

Index version: 16
Generated by:  17.b804f
ScoreMatrix:  VTML80.out
Compute score, coverage and sequence identity
Query database size: 1 type: Profile
Target database size: 209335862 type: Aminoacid
Calculation of alignments
[=================================================================] 1 0s 2ms
Time for merging to aln_tmp_1: 0h 0m 0s 0ms
9098 alignments calculated
42 sequence pairs passed the thresholds (0.004616 of overall calculated)
42.000000 hits per query sequence
Time for processing: 0h 0m 0s 298ms
mergedbs /scratch/gpfs/KAIYIJIANG/kaiyi/Uricase/coupling/01_msa/colabfold/tmp3/12091254260426362562/profile_0 /scratch/gpfs/KAIYIJIANG/kaiyi/Uricase/coupling/01_msa/colabfold/tmp3/12091254260426362562/aln_1 /scratch/gpfs/KAIYIJIANG/kaiyi/Uricase/coupling/01_msa/colabfold/tmp3/12091254260426362562/aln_0 /scratch/gpfs/KAIYIJIANG/kaiyi/Uricase/coupling/01_msa/colabfold/tmp3/12091254260426362562/aln_tmp_1 

Merging the results to /scratch/gpfs/KAIYIJIANG/kaiyi/Uricase/coupling/01_msa/colabfold/tmp3/12091254260426362562/aln_1
[=================================================================] 1 0s 0ms
Time for merging to aln_1: 0h 0m 0s 0ms
Time for processing: 0h 0m 0s 2ms
rmdb /scratch/gpfs/KAIYIJIANG/kaiyi/Uricase/coupling/01_msa/colabfold/tmp3/12091254260426362562/aln_0 

Time for processing: 0h 0m 0s 0ms
rmdb /scratch/gpfs/KAIYIJIANG/kaiyi/Uricase/coupling/01_msa/colabfold/tmp3/12091254260426362562/aln_tmp_1 

Time for processing: 0h 0m 0s 0ms
result2profile /scratch/gpfs/KAIYIJIANG/kaiyi/Uricase/coupling/01_msa/colabfold/tmp3/12091254260426362562/profile_0 /scratch/gpfs/KAIYIJIANG/databases/colabfold/colabfold_envdb_202108_db.idx /scratch/gpfs/KAIYIJIANG/kaiyi/Uricase/coupling/01_msa/colabfold/tmp3/12091254260426362562/aln_1 /scratch/gpfs/KAIYIJIANG/kaiyi/Uricase/coupling/01_msa/colabfold/tmp3/12091254260426362562/profile_1 --sub-mat 'aa:blosum62.out,nucl:nucleotide.out' -e 0.1 --mask-profile 1 --e-profile 0.1 --comp-bias-corr 1 --comp-bias-corr-scale 1 --wg 0 --allow-deletion 0 --filter-msa 1 --filter-min-enable 0 --max-seq-id 0.9 --qid '0.0' --qsc -20 --cov 0 --diff 1000 --pseudo-cnt-mode 0 --pca substitution:1.100,context:1.400 --pcb substitution:4.100,context:5.800 --db-load-mode 2 --gap-open aa:11,nucl:5 --gap-extend aa:1,nucl:2 --threads 8 --compressed 0 -v 3 --profile-output-mode 0 

Index version: 16
Generated by:  17.b804f
ScoreMatrix:  VTML80.out
Query database size: 1 type: Profile
Target database size: 209335862 type: Aminoacid
[=================================================================] 1 0s 3ms
Time for merging to profile_1: 0h 0m 0s 0ms
Time for processing: 0h 0m 0s 63ms
ungappedprefilter /scratch/gpfs/KAIYIJIANG/kaiyi/Uricase/coupling/01_msa/colabfold/tmp3/12091254260426362562/profile_1 /scratch/gpfs/KAIYIJIANG/databases/colabfold/colabfold_envdb_202108_db.idx /scratch/gpfs/KAIYIJIANG/kaiyi/Uricase/coupling/01_msa/colabfold/tmp3/12091254260426362562/pref_tmp_2 --sub-mat 'aa:blosum62.out,nucl:nucleotide.out' -c 0 -e 0.1 --cov-mode 0 --comp-bias-corr 1 --comp-bias-corr-scale 1 --min-ungapped-score 15 --max-seqs 10000 --db-load-mode 2 --gpu 1 --gpu-server 0 --gpu-server-wait-timeout 600 --prefilter-mode 1 --threads 8 --compressed 0 -v 3 

Index version: 16
Generated by:  17.b804f
ScoreMatrix:  VTML80.out
[=================================================================] 1 16s 396ms
Time for merging to pref_tmp_2: 0h 0m 0s 1ms
Time for processing: 0h 0m 16s 989ms
subtractdbs /scratch/gpfs/KAIYIJIANG/kaiyi/Uricase/coupling/01_msa/colabfold/tmp3/12091254260426362562/pref_tmp_2 /scratch/gpfs/KAIYIJIANG/kaiyi/Uricase/coupling/01_msa/colabfold/tmp3/12091254260426362562/aln_1 /scratch/gpfs/KAIYIJIANG/kaiyi/Uricase/coupling/01_msa/colabfold/tmp3/12091254260426362562/pref_2 --threads 8 --e-profile 0.1 -e 0.1 --compressed 0 -v 3 

subtractdbs /scratch/gpfs/KAIYIJIANG/kaiyi/Uricase/coupling/01_msa/colabfold/tmp3/12091254260426362562/pref_tmp_2 /scratch/gpfs/KAIYIJIANG/kaiyi/Uricase/coupling/01_msa/colabfold/tmp3/12091254260426362562/aln_1 /scratch/gpfs/KAIYIJIANG/kaiyi/Uricase/coupling/01_msa/colabfold/tmp3/12091254260426362562/pref_2 --threads 8 --e-profile 0.1 -e 0.1 --compressed 0 -v 3 

Remove /scratch/gpfs/KAIYIJIANG/kaiyi/Uricase/coupling/01_msa/colabfold/tmp3/12091254260426362562/aln_1 ids from /scratch/gpfs/KAIYIJIANG/kaiyi/Uricase/coupling/01_msa/colabfold/tmp3/12091254260426362562/pref_tmp_2
[=================================================================] 1 0s 0ms
Time for merging to pref_2: 0h 0m 0s 3ms
Time for processing: 0h 0m 0s 14ms
rmdb /scratch/gpfs/KAIYIJIANG/kaiyi/Uricase/coupling/01_msa/colabfold/tmp3/12091254260426362562/pref_tmp_2 

Time for processing: 0h 0m 0s 0ms
align /scratch/gpfs/KAIYIJIANG/kaiyi/Uricase/coupling/01_msa/colabfold/tmp3/12091254260426362562/profile_1 /scratch/gpfs/KAIYIJIANG/databases/colabfold/colabfold_envdb_202108_db.idx /scratch/gpfs/KAIYIJIANG/kaiyi/Uricase/coupling/01_msa/colabfold/tmp3/12091254260426362562/pref_2 /scratch/gpfs/KAIYIJIANG/kaiyi/Uricase/coupling/01_msa/colabfold/tmp3/12091254260426362562/aln_tmp_2 --sub-mat 'aa:blosum62.out,nucl:nucleotide.out' -a 1 --alignment-mode 2 --alignment-output-mode 0 --wrapped-scoring 0 -e 0.1 --min-seq-id 0 --min-aln-len 0 --seq-id-mode 0 --alt-ali 0 -c 0 --cov-mode 0 --max-seq-len 65535 --comp-bias-corr 1 --comp-bias-corr-scale 1 --max-rejected 2147483647 --max-accept 2147483647 --add-self-matches 0 --db-load-mode 2 --pca substitution:1.100,context:1.400 --pcb substitution:4.100,context:5.800 --score-bias 0 --realign 0 --realign-score-bias -0.2 --realign-max-seqs 2147483647 --corr-score-weight 0 --gap-open aa:11,nucl:5 --gap-extend aa:1,nucl:2 --zdrop 40 --threads 8 --compressed 0 -v 3 

Index version: 16
Generated by:  17.b804f
ScoreMatrix:  VTML80.out
Compute score, coverage and sequence identity
Query database size: 1 type: Profile
Target database size: 209335862 type: Aminoacid
Calculation of alignments
[=================================================================] 1 0s 2ms
Time for merging to aln_tmp_2: 0h 0m 0s 0ms
9056 alignments calculated
0 sequence pairs passed the thresholds (0.000000 of overall calculated)
0.000000 hits per query sequence
Time for processing: 0h 0m 0s 293ms
mergedbs /scratch/gpfs/KAIYIJIANG/kaiyi/Uricase/coupling/01_msa/colabfold/tmp3/12091254260426362562/profile_1 /scratch/gpfs/KAIYIJIANG/kaiyi/Uricase/coupling/01_msa/colabfold/res_env /scratch/gpfs/KAIYIJIANG/kaiyi/Uricase/coupling/01_msa/colabfold/tmp3/12091254260426362562/aln_1 /scratch/gpfs/KAIYIJIANG/kaiyi/Uricase/coupling/01_msa/colabfold/tmp3/12091254260426362562/aln_tmp_2 

Merging the results to /scratch/gpfs/KAIYIJIANG/kaiyi/Uricase/coupling/01_msa/colabfold/res_env
[=================================================================] 1 0s 0ms
Time for merging to res_env: 0h 0m 0s 0ms
Time for processing: 0h 0m 0s 3ms
rmdb /scratch/gpfs/KAIYIJIANG/kaiyi/Uricase/coupling/01_msa/colabfold/tmp3/12091254260426362562/aln_1 

Time for processing: 0h 0m 0s 0ms
rmdb /scratch/gpfs/KAIYIJIANG/kaiyi/Uricase/coupling/01_msa/colabfold/tmp3/12091254260426362562/aln_tmp_2 

Time for processing: 0h 0m 0s 0ms
expandaln /scratch/gpfs/KAIYIJIANG/kaiyi/Uricase/coupling/01_msa/colabfold/prof_res /scratch/gpfs/KAIYIJIANG/databases/colabfold/colabfold_envdb_202108_db.idx /scratch/gpfs/KAIYIJIANG/kaiyi/Uricase/coupling/01_msa/colabfold/res_env /scratch/gpfs/KAIYIJIANG/databases/colabfold/colabfold_envdb_202108_db.idx /scratch/gpfs/KAIYIJIANG/kaiyi/Uricase/coupling/01_msa/colabfold/res_env_exp -e inf --expansion-mode 0 --db-load-mode 2 --threads 8 

Index version: 16
Generated by:  17.b804f
ScoreMatrix:  VTML80.out
Index version: 16
Generated by:  17.b804f
ScoreMatrix:  VTML80.out
[=================================================================] 1 0s 7ms
Time for merging to res_env_exp: 0h 0m 0s 1ms
Time for processing: 0h 0m 5s 811ms
align /scratch/gpfs/KAIYIJIANG/kaiyi/Uricase/coupling/01_msa/colabfold/tmp3/latest/profile_1 /scratch/gpfs/KAIYIJIANG/databases/colabfold/colabfold_envdb_202108_db.idx /scratch/gpfs/KAIYIJIANG/kaiyi/Uricase/coupling/01_msa/colabfold/res_env_exp /scratch/gpfs/KAIYIJIANG/kaiyi/Uricase/coupling/01_msa/colabfold/res_env_exp_realign --db-load-mode 2 -e 10 --max-accept 1000000 --threads 8 --alt-ali 10 -a 

Index version: 16
Generated by:  17.b804f
ScoreMatrix:  VTML80.out
Compute score, coverage and sequence identity
Query database size: 1 type: Profile
Target database size: 738695581 type: Aminoacid
Calculation of alignments
[=================================================================] 1 0s 3ms
Time for merging to res_env_exp_realign: 0h 0m 0s 0ms
7696 alignments calculated
7331 sequence pairs passed the thresholds (0.952573 of overall calculated)
7331.000000 hits per query sequence
Time for processing: 0h 0m 10s 665ms
filterresult /scratch/gpfs/KAIYIJIANG/kaiyi/Uricase/coupling/01_msa/colabfold/qdb /scratch/gpfs/KAIYIJIANG/databases/colabfold/colabfold_envdb_202108_db.idx /scratch/gpfs/KAIYIJIANG/kaiyi/Uricase/coupling/01_msa/colabfold/res_env_exp_realign /scratch/gpfs/KAIYIJIANG/kaiyi/Uricase/coupling/01_msa/colabfold/res_env_exp_realign_filter --db-load-mode 2 --qid 0 --qsc -20.0 --diff 0 --max-seq-id 1.0 --threads 8 --filter-min-enable 100 

Index version: 16
Generated by:  17.b804f
ScoreMatrix:  VTML80.out
Query database size: 1 type: Aminoacid
Target database size: 738695581 type: Aminoacid
[=================================================================] 1 0s 1ms
Time for merging to res_env_exp_realign_filter: 0h 0m 0s 0ms
Time for processing: 0h 0m 0s 65ms
result2msa /scratch/gpfs/KAIYIJIANG/kaiyi/Uricase/coupling/01_msa/colabfold/qdb /scratch/gpfs/KAIYIJIANG/databases/colabfold/colabfold_envdb_202108_db.idx /scratch/gpfs/KAIYIJIANG/kaiyi/Uricase/coupling/01_msa/colabfold/res_env_exp_realign_filter /scratch/gpfs/KAIYIJIANG/kaiyi/Uricase/coupling/01_msa/colabfold/bfd.mgnify30.metaeuk30.smag30.a3m --msa-format-mode 6 --db-load-mode 2 --threads 8 --filter-msa 0 --filter-min-enable 1000 --diff 3000 --qid 0.0,0.2,0.4,0.6,0.8,1.0 --qsc 0 --max-seq-id 0.95 

Index version: 16
Generated by:  17.b804f
ScoreMatrix:  VTML80.out
Index version: 16
Generated by:  17.b804f
ScoreMatrix:  VTML80.out
Query database size: 1 type: Aminoacid
Target database size: 738695581 type: Aminoacid
[=================================================================] 1 0s 1ms
Time for merging to bfd.mgnify30.metaeuk30.smag30.a3m: 0h 0m 0s 1ms
Time for processing: 0h 0m 8s 686ms
rmdb /scratch/gpfs/KAIYIJIANG/kaiyi/Uricase/coupling/01_msa/colabfold/res_env_exp_realign_filter 

Time for processing: 0h 0m 0s 0ms
rmdb /scratch/gpfs/KAIYIJIANG/kaiyi/Uricase/coupling/01_msa/colabfold/res_env_exp_realign 

Time for processing: 0h 0m 0s 0ms
rmdb /scratch/gpfs/KAIYIJIANG/kaiyi/Uricase/coupling/01_msa/colabfold/res_env_exp 

Time for processing: 0h 0m 0s 0ms
rmdb /scratch/gpfs/KAIYIJIANG/kaiyi/Uricase/coupling/01_msa/colabfold/res_env 

Time for processing: 0h 0m 0s 0ms
mergedbs /scratch/gpfs/KAIYIJIANG/kaiyi/Uricase/coupling/01_msa/colabfold/qdb /scratch/gpfs/KAIYIJIANG/kaiyi/Uricase/coupling/01_msa/colabfold/final.a3m /scratch/gpfs/KAIYIJIANG/kaiyi/Uricase/coupling/01_msa/colabfold/uniref.a3m /scratch/gpfs/KAIYIJIANG/kaiyi/Uricase/coupling/01_msa/colabfold/bfd.mgnify30.metaeuk30.smag30.a3m 

Merging the results to /scratch/gpfs/KAIYIJIANG/kaiyi/Uricase/coupling/01_msa/colabfold/final.a3m
[=================================================================] 1 0s 0ms
Time for merging to final.a3m: 0h 0m 0s 0ms
Time for processing: 0h 0m 0s 12ms
rmdb /scratch/gpfs/KAIYIJIANG/kaiyi/Uricase/coupling/01_msa/colabfold/bfd.mgnify30.metaeuk30.smag30.a3m 

Time for processing: 0h 0m 0s 0ms
rmdb /scratch/gpfs/KAIYIJIANG/kaiyi/Uricase/coupling/01_msa/colabfold/uniref.a3m 

Time for processing: 0h 0m 0s 0ms
unpackdb /scratch/gpfs/KAIYIJIANG/kaiyi/Uricase/coupling/01_msa/colabfold/final.a3m /scratch/gpfs/KAIYIJIANG/kaiyi/Uricase/coupling/01_msa/colabfold --unpack-name-mode 0 --unpack-suffix .a3m 

[=================================================================] 1 0s 3ms
Time for processing: 0h 0m 0s 12ms
rmdb /scratch/gpfs/KAIYIJIANG/kaiyi/Uricase/coupling/01_msa/colabfold/final.a3m 

Time for processing: 0h 0m 0s 0ms
rmdb /scratch/gpfs/KAIYIJIANG/kaiyi/Uricase/coupling/01_msa/colabfold/prof_res 

Time for processing: 0h 0m 0s 0ms
rmdb /scratch/gpfs/KAIYIJIANG/kaiyi/Uricase/coupling/01_msa/colabfold/prof_res_h 

Time for processing: 0h 0m 0s 0ms
rmdb /scratch/gpfs/KAIYIJIANG/kaiyi/Uricase/coupling/01_msa/colabfold/qdb 

Time for processing: 0h 0m 0s 0ms
rmdb /scratch/gpfs/KAIYIJIANG/kaiyi/Uricase/coupling/01_msa/colabfold/qdb_h 

Time for processing: 0h 0m 0s 0ms
[msa] done. outputs:
total 1
drwxr-sr-x 2 kj6118 kaiyijiang    4096 Jul 21 16:15 .
drwxr-sr-x 4 kj6118 kaiyijiang    4096 Jul 21 16:12 ..
-rw-r--r-- 1 kj6118 kaiyijiang 6429369 Jul 21 16:15 Q00511.a3m
[msa] /scratch/gpfs/KAIYIJIANG/kaiyi/Uricase/coupling/01_msa/colabfold/Q00511.a3m : 17305 sequences
[msa] COMPLETE
