WARNING: All log messages before absl::InitializeLog() is called are written to STDERR
E0000 00:00:1784664733.510765  624643 cuda_dnn.cc:8310] Unable to register cuDNN factory: Attempting to register factory for plugin cuDNN when one has already been registered
E0000 00:00:1784664733.541604  624643 cuda_blas.cc:1418] Unable to register cuBLAS factory: Attempting to register factory for plugin cuBLAS when one has already been registered
INFO:colabfold.mmseqs.search:Running mmseqs createdb /scratch/gpfs/KAIYIJIANG/kaiyi/Uricase/coupling/01_msa/colabfold/query.fas /scratch/gpfs/KAIYIJIANG/kaiyi/Uricase/coupling/01_msa/colabfold/qdb --shuffle 0
INFO:colabfold.mmseqs.search:Running mmseqs search /scratch/gpfs/KAIYIJIANG/kaiyi/Uricase/coupling/01_msa/colabfold/qdb /scratch/gpfs/KAIYIJIANG/databases/colabfold/uniref30_2302_db /scratch/gpfs/KAIYIJIANG/kaiyi/Uricase/coupling/01_msa/colabfold/res /scratch/gpfs/KAIYIJIANG/kaiyi/Uricase/coupling/01_msa/colabfold/tmp --threads 8 --num-iterations 3 --db-load-mode 2 -a -e 0.1 --max-seqs 10000 --gpu 1 --prefilter-mode 1
INFO:colabfold.mmseqs.search:Running mmseqs mvdb /scratch/gpfs/KAIYIJIANG/kaiyi/Uricase/coupling/01_msa/colabfold/tmp/latest/profile_1 /scratch/gpfs/KAIYIJIANG/kaiyi/Uricase/coupling/01_msa/colabfold/prof_res
INFO:colabfold.mmseqs.search:Running mmseqs lndb /scratch/gpfs/KAIYIJIANG/kaiyi/Uricase/coupling/01_msa/colabfold/qdb_h /scratch/gpfs/KAIYIJIANG/kaiyi/Uricase/coupling/01_msa/colabfold/prof_res_h
INFO:colabfold.mmseqs.search:Running mmseqs expandaln /scratch/gpfs/KAIYIJIANG/kaiyi/Uricase/coupling/01_msa/colabfold/qdb /scratch/gpfs/KAIYIJIANG/databases/colabfold/uniref30_2302_db.idx /scratch/gpfs/KAIYIJIANG/kaiyi/Uricase/coupling/01_msa/colabfold/res /scratch/gpfs/KAIYIJIANG/databases/colabfold/uniref30_2302_db.idx /scratch/gpfs/KAIYIJIANG/kaiyi/Uricase/coupling/01_msa/colabfold/res_exp --db-load-mode 2 --threads 8 --expansion-mode 0 -e inf --expand-filter-clusters 0 --max-seq-id 0.95
INFO:colabfold.mmseqs.search:Running mmseqs align /scratch/gpfs/KAIYIJIANG/kaiyi/Uricase/coupling/01_msa/colabfold/prof_res /scratch/gpfs/KAIYIJIANG/databases/colabfold/uniref30_2302_db.idx /scratch/gpfs/KAIYIJIANG/kaiyi/Uricase/coupling/01_msa/colabfold/res_exp /scratch/gpfs/KAIYIJIANG/kaiyi/Uricase/coupling/01_msa/colabfold/res_exp_realign --db-load-mode 2 -e 10 --max-accept 1000000 --threads 8 --alt-ali 10 -a
INFO:colabfold.mmseqs.search:Running mmseqs filterresult /scratch/gpfs/KAIYIJIANG/kaiyi/Uricase/coupling/01_msa/colabfold/qdb /scratch/gpfs/KAIYIJIANG/databases/colabfold/uniref30_2302_db.idx /scratch/gpfs/KAIYIJIANG/kaiyi/Uricase/coupling/01_msa/colabfold/res_exp_realign /scratch/gpfs/KAIYIJIANG/kaiyi/Uricase/coupling/01_msa/colabfold/res_exp_realign_filter --db-load-mode 2 --qid 0 --qsc -20.0 --diff 0 --threads 8 --max-seq-id 1.0 --filter-min-enable 100
INFO:colabfold.mmseqs.search:Running mmseqs result2msa /scratch/gpfs/KAIYIJIANG/kaiyi/Uricase/coupling/01_msa/colabfold/qdb /scratch/gpfs/KAIYIJIANG/databases/colabfold/uniref30_2302_db.idx /scratch/gpfs/KAIYIJIANG/kaiyi/Uricase/coupling/01_msa/colabfold/res_exp_realign_filter /scratch/gpfs/KAIYIJIANG/kaiyi/Uricase/coupling/01_msa/colabfold/uniref.a3m --msa-format-mode 6 --db-load-mode 2 --threads 8 --filter-msa 0 --filter-min-enable 1000 --diff 3000 --qid 0.0,0.2,0.4,0.6,0.8,1.0 --qsc 0 --max-seq-id 0.95
INFO:colabfold.mmseqs.search:Running mmseqs rmdb /scratch/gpfs/KAIYIJIANG/kaiyi/Uricase/coupling/01_msa/colabfold/res_exp_realign_filter
INFO:colabfold.mmseqs.search:Running mmseqs rmdb /scratch/gpfs/KAIYIJIANG/kaiyi/Uricase/coupling/01_msa/colabfold/res_exp_realign
INFO:colabfold.mmseqs.search:Running mmseqs rmdb /scratch/gpfs/KAIYIJIANG/kaiyi/Uricase/coupling/01_msa/colabfold/res_exp
INFO:colabfold.mmseqs.search:Running mmseqs rmdb /scratch/gpfs/KAIYIJIANG/kaiyi/Uricase/coupling/01_msa/colabfold/res
INFO:colabfold.mmseqs.search:Running mmseqs search /scratch/gpfs/KAIYIJIANG/kaiyi/Uricase/coupling/01_msa/colabfold/prof_res /scratch/gpfs/KAIYIJIANG/databases/colabfold/colabfold_envdb_202108_db /scratch/gpfs/KAIYIJIANG/kaiyi/Uricase/coupling/01_msa/colabfold/res_env /scratch/gpfs/KAIYIJIANG/kaiyi/Uricase/coupling/01_msa/colabfold/tmp3 --threads 8 --num-iterations 3 --db-load-mode 2 -a -e 0.1 --max-seqs 10000 --gpu 1 --prefilter-mode 1
INFO:colabfold.mmseqs.search:Running mmseqs expandaln /scratch/gpfs/KAIYIJIANG/kaiyi/Uricase/coupling/01_msa/colabfold/prof_res /scratch/gpfs/KAIYIJIANG/databases/colabfold/colabfold_envdb_202108_db.idx /scratch/gpfs/KAIYIJIANG/kaiyi/Uricase/coupling/01_msa/colabfold/res_env /scratch/gpfs/KAIYIJIANG/databases/colabfold/colabfold_envdb_202108_db.idx /scratch/gpfs/KAIYIJIANG/kaiyi/Uricase/coupling/01_msa/colabfold/res_env_exp -e inf --expansion-mode 0 --db-load-mode 2 --threads 8
INFO:colabfold.mmseqs.search:Running mmseqs align /scratch/gpfs/KAIYIJIANG/kaiyi/Uricase/coupling/01_msa/colabfold/tmp3/latest/profile_1 /scratch/gpfs/KAIYIJIANG/databases/colabfold/colabfold_envdb_202108_db.idx /scratch/gpfs/KAIYIJIANG/kaiyi/Uricase/coupling/01_msa/colabfold/res_env_exp /scratch/gpfs/KAIYIJIANG/kaiyi/Uricase/coupling/01_msa/colabfold/res_env_exp_realign --db-load-mode 2 -e 10 --max-accept 1000000 --threads 8 --alt-ali 10 -a
INFO:colabfold.mmseqs.search:Running mmseqs filterresult /scratch/gpfs/KAIYIJIANG/kaiyi/Uricase/coupling/01_msa/colabfold/qdb /scratch/gpfs/KAIYIJIANG/databases/colabfold/colabfold_envdb_202108_db.idx /scratch/gpfs/KAIYIJIANG/kaiyi/Uricase/coupling/01_msa/colabfold/res_env_exp_realign /scratch/gpfs/KAIYIJIANG/kaiyi/Uricase/coupling/01_msa/colabfold/res_env_exp_realign_filter --db-load-mode 2 --qid 0 --qsc -20.0 --diff 0 --max-seq-id 1.0 --threads 8 --filter-min-enable 100
INFO:colabfold.mmseqs.search:Running mmseqs result2msa /scratch/gpfs/KAIYIJIANG/kaiyi/Uricase/coupling/01_msa/colabfold/qdb /scratch/gpfs/KAIYIJIANG/databases/colabfold/colabfold_envdb_202108_db.idx /scratch/gpfs/KAIYIJIANG/kaiyi/Uricase/coupling/01_msa/colabfold/res_env_exp_realign_filter /scratch/gpfs/KAIYIJIANG/kaiyi/Uricase/coupling/01_msa/colabfold/bfd.mgnify30.metaeuk30.smag30.a3m --msa-format-mode 6 --db-load-mode 2 --threads 8 --filter-msa 0 --filter-min-enable 1000 --diff 3000 --qid 0.0,0.2,0.4,0.6,0.8,1.0 --qsc 0 --max-seq-id 0.95
INFO:colabfold.mmseqs.search:Running mmseqs rmdb /scratch/gpfs/KAIYIJIANG/kaiyi/Uricase/coupling/01_msa/colabfold/res_env_exp_realign_filter
INFO:colabfold.mmseqs.search:Running mmseqs rmdb /scratch/gpfs/KAIYIJIANG/kaiyi/Uricase/coupling/01_msa/colabfold/res_env_exp_realign
INFO:colabfold.mmseqs.search:Running mmseqs rmdb /scratch/gpfs/KAIYIJIANG/kaiyi/Uricase/coupling/01_msa/colabfold/res_env_exp
INFO:colabfold.mmseqs.search:Running mmseqs rmdb /scratch/gpfs/KAIYIJIANG/kaiyi/Uricase/coupling/01_msa/colabfold/res_env
INFO:colabfold.mmseqs.search:Running mmseqs mergedbs /scratch/gpfs/KAIYIJIANG/kaiyi/Uricase/coupling/01_msa/colabfold/qdb /scratch/gpfs/KAIYIJIANG/kaiyi/Uricase/coupling/01_msa/colabfold/final.a3m /scratch/gpfs/KAIYIJIANG/kaiyi/Uricase/coupling/01_msa/colabfold/uniref.a3m /scratch/gpfs/KAIYIJIANG/kaiyi/Uricase/coupling/01_msa/colabfold/bfd.mgnify30.metaeuk30.smag30.a3m
INFO:colabfold.mmseqs.search:Running mmseqs rmdb /scratch/gpfs/KAIYIJIANG/kaiyi/Uricase/coupling/01_msa/colabfold/bfd.mgnify30.metaeuk30.smag30.a3m
INFO:colabfold.mmseqs.search:Running mmseqs rmdb /scratch/gpfs/KAIYIJIANG/kaiyi/Uricase/coupling/01_msa/colabfold/uniref.a3m
INFO:colabfold.mmseqs.search:Running mmseqs unpackdb /scratch/gpfs/KAIYIJIANG/kaiyi/Uricase/coupling/01_msa/colabfold/final.a3m /scratch/gpfs/KAIYIJIANG/kaiyi/Uricase/coupling/01_msa/colabfold --unpack-name-mode 0 --unpack-suffix .a3m
INFO:colabfold.mmseqs.search:Running mmseqs rmdb /scratch/gpfs/KAIYIJIANG/kaiyi/Uricase/coupling/01_msa/colabfold/final.a3m
INFO:colabfold.mmseqs.search:Running mmseqs rmdb /scratch/gpfs/KAIYIJIANG/kaiyi/Uricase/coupling/01_msa/colabfold/prof_res
INFO:colabfold.mmseqs.search:Running mmseqs rmdb /scratch/gpfs/KAIYIJIANG/kaiyi/Uricase/coupling/01_msa/colabfold/prof_res_h
INFO:colabfold.mmseqs.search:Running mmseqs rmdb /scratch/gpfs/KAIYIJIANG/kaiyi/Uricase/coupling/01_msa/colabfold/qdb
INFO:colabfold.mmseqs.search:Running mmseqs rmdb /scratch/gpfs/KAIYIJIANG/kaiyi/Uricase/coupling/01_msa/colabfold/qdb_h
