[plmc] host=della-h16n14  cpus=8
[plmc] alignment=01_msa/nr90_baseline_focus.fasta
[plmc] prefix=02_couplings/nr90_baseline
alignment : 01_msa/nr90_baseline_focus.fasta
focus seq : Q00511|Aspergillus_flavus|Uricase|taxid:5059|len:302
L         : 302
theta     : 0.8  (plmc receives -t 0.20)
lambda_h  : 0.01
lambda_J  : 60.2  (= 0.01 * 20 * 301)
iterations: 100
plmc      : /scratch/gpfs/KAIYIJIANG/kaiyi/Uricase/coupling/env/plmc/bin/plmc

=== plmc summary ===
  alignment          01_msa/nr90_baseline_focus.fasta
  focus_seq          Q00511|Aspergillus_flavus|Uricase|taxid:5059|len:302
  L                  302
  theta              0.8
  lambda_h           0.01
  lambda_J_scaled    60.2
  iterations         100
  runtime_sec        96.5
  num_total_seqs     3030
  num_valid_seqs     3018
  num_total_sites    302
  num_valid_sites    302
  focus_seq_index    1
  region_start       1
  effective_samples  1078.8
  opt_status         MAXIMUMITERATION

  N_eff/L = 3.57   (marginal - couplings will be noisy)

wrote 02_couplings/nr90_baseline.model, 02_couplings/nr90_baseline_ECs.txt, 02_couplings/nr90_baseline_plmc_summary.json
[plmc] COMPLETE
